<html>
<body>
<pre>
<h1>µVision Build Log</h1>
<h2>Tool Versions:</h2>
IDE-Version: ¦ÌVision V5.39.0.0
Copyright (C) 2023 ARM Ltd and ARM Germany GmbH. All rights reserved.
License Information: . ., ., LIC=IC93N-YAAP3-PH689-443HM-A9NMD-91GK7
 
Tool Versions:
Toolchain:       MDK-ARM Professional  Version: 5.39.0.0
Toolchain Path:  E:\Keil_v5\ARM\ARMCLANG\Bin
C Compiler:      ArmClang.exe V6.21
Assembler:       Armasm.exe V6.21
Linker/Locator:  ArmLink.exe V6.21
Library Manager: ArmAr.exe V6.21
Hex Converter:   FromElf.exe V6.21
CPU DLL:         SARMCM3.DLL V5.39.0.0
Dialog DLL:      DCM.DLL V1.17.5.0
Target DLL:      STLink\ST-LINKIII-KEIL_SWO.dll V3.2.0.0
Dialog DLL:      TCM.DLL V1.56.4.0
 
<h2>Project:</h2>
D:\Desktop\AC6_Code\MDK-ARM\CtrBoard-H7_IMU_TempCtrl.uvprojx
Project File Date:  04/08/2024

<h2>Output:</h2>
*** Using Compiler 'V6.21', folder: 'E:\Keil_v5\ARM\ARMCLANG\Bin'
Build target 'CtrBoard-H7_IMU_TempCtrl'
compiling stm32h7xx_it.c...
compiling stm32h7xx_hal_timebase_tim.c...
compiling usbd_cdc_if.c...
compiling stm32h7xx_hal_msp.c...
compiling dma.c...
compiling freertos.c...
compiling usb_device.c...
compiling gpio.c...
compiling tim.c...
compiling adc.c...
compiling spi.c...
compiling stm32h7xx_hal_pcd_ex.c...
compiling usbd_desc.c...
compiling usbd_conf.c...
compiling main.c...
compiling stm32h7xx_hal_pcd.c...
compiling stm32h7xx_hal_flash.c...
compiling stm32h7xx_hal_hsem.c...
compiling stm32h7xx_hal_flash_ex.c...
compiling stm32h7xx_hal_rcc.c...
compiling stm32h7xx_hal_cortex.c...
compiling stm32h7xx_hal_pwr.c...
compiling stm32h7xx_hal_gpio.c...
compiling stm32h7xx_hal_i2c_ex.c...
compiling stm32h7xx_hal_rcc_ex.c...
compiling stm32h7xx_hal.c...
compiling stm32h7xx_hal_dma_ex.c...
compiling stm32h7xx_hal_pwr_ex.c...
compiling stm32h7xx_hal_mdma.c...
compiling stm32h7xx_ll_usb.c...
compiling croutine.c...
compiling stm32h7xx_hal_exti.c...
compiling list.c...
compiling stm32h7xx_hal_dma.c...
compiling event_groups.c...
compiling stm32h7xx_hal_spi_ex.c...
compiling system_stm32h7xx.c...
compiling stream_buffer.c...
compiling heap_4.c...
compiling queue.c...
compiling timers.c...
compiling port.c...
compiling stm32h7xx_hal_spi.c...
compiling stm32h7xx_hal_adc.c...
compiling stm32h7xx_hal_tim_ex.c...
compiling stm32h7xx_hal_adc_ex.c...
compiling stm32h7xx_hal_i2c.c...
compiling usbd_ioreq.c...
compiling usbd_core.c...
compiling tasks.c...
compiling usbd_cdc.c...
compiling usbd_ctlreq.c...
compiling cmsis_os2.c...
compiling MahonyAHRS.c...
compiling BMI088Middleware.c...
compiling bsp_dwt.c...
compiling BMI088driver.c...
compiling kalman_filter.c...
compiling pid.c...
compiling algorithm.c...
compiling stm32h7xx_hal_tim.c...
compiling QuaternionEKF.c...
compiling controller.c...
compiling imu_temp_ctrl.c...
compiling BayesFunctions.c...
compiling BasicMathFunctionsF16.c...
compiling BayesFunctionsF16.c...
compiling user_lib.c...
compiling ComplexMathFunctionsF16.c...
compiling ControllerFunctions.c...
compiling InterpolationFunctionsF16.c...
compiling DistanceFunctionsF16.c...
compiling FastMathFunctionsF16.c...
compiling ComplexMathFunctions.c...
compiling CommonTablesF16.c...
compiling InterpolationFunctions.c...
compiling FilteringFunctionsF16.c...
compiling BasicMathFunctions.c...
compiling SVMFunctions.c...
compiling QuaternionMathFunctions.c...
compiling SVMFunctionsF16.c...
compiling FastMathFunctions.c...
compiling SupportFunctionsF16.c...
compiling StatisticsFunctionsF16.c...
compiling DistanceFunctions.c...
compiling MatrixFunctionsF16.c...
compiling SupportFunctions.c...
compiling CommonTables.c...
compiling TransformFunctionsF16.c...
compiling StatisticsFunctions.c...
compiling MatrixFunctions.c...
compiling TransformFunctions.c...
compiling FilteringFunctions.c...
linking...
Program Size: Code=67208 RO-data=3164 RW-data=432 ZI-data=58056  
FromELF: creating hex file...
"CtrBoard-H7_IMU_TempCtrl\CtrBoard-H7_IMU_TempCtrl.axf" - 0 Error(s), 0 Warning(s).

<h2>Software Packages used:</h2>

Package Vendor: ARM
                http://www.keil.com/pack/ARM.CMSIS.5.9.0.pack
                ARM::CMSIS@5.9.0
                CMSIS (Common Microcontroller Software Interface Standard)
   * Component: CORE Version: 5.6.0

Package Vendor: ARM
                https://www.keil.com/pack/ARM.CMSIS-DSP.1.15.0.pack
                ARM::CMSIS-DSP@1.15.0
                CMSIS Embedded Compute Library
   * Component: DSP Variant: Source Version: 1.15.0

Package Vendor: Keil
                https://www.keil.com/pack/Keil.STM32H7xx_DFP.3.1.1.pack
                Keil::STM32H7xx_DFP@3.1.1
                STMicroelectronics STM32H7 Series Device Support and Examples

<h2>Collection of Component include folders:</h2>
  ./RTE/_CtrBoard-H7_IMU_TempCtrl
  E:/Arm/Packs/ARM/CMSIS-DSP/1.15.0/Include
  E:/Arm/Packs/ARM/CMSIS-DSP/1.15.0/PrivateInclude
  E:/Arm/Packs/ARM/CMSIS/5.9.0/CMSIS/Core/Include
  E:/Arm/Packs/Keil/STM32H7xx_DFP/3.1.1/Drivers/CMSIS/Device/ST/STM32H7xx/Include

<h2>Collection of Component Files used:</h2>

   * Component: ARM::CMSIS:CORE@5.6.0
      Include file:  CMSIS/Core/Include/tz_context.h

   * Component: ARM::CMSIS:DSP&Source@1.15.0
      Include file:  Include/arm_math_f16.h
      Source file:   Source/BasicMathFunctions/BasicMathFunctions.c
      Source file:   Source/QuaternionMathFunctions/QuaternionMathFunctions.c
      Source file:   Source/MatrixFunctions/MatrixFunctions.c
      Source file:   Source/StatisticsFunctions/StatisticsFunctions.c
      Include file:  Include/arm_math.h
      Source file:   Source/ComplexMathFunctions/ComplexMathFunctions.c
      Source file:   Source/SVMFunctions/SVMFunctions.c
      Source file:   Source/TransformFunctions/TransformFunctions.c
      Source file:   Source/InterpolationFunctions/InterpolationFunctions.c
      Source file:   Source/FastMathFunctions/FastMathFunctions.c
      Source file:   Source/BasicMathFunctions/BasicMathFunctionsF16.c
      Include file:  Include/arm_const_structs_f16.h
      Source file:   Source/ControllerFunctions/ControllerFunctions.c
      Source file:   Source/SupportFunctions/SupportFunctions.c
      Source file:   Source/CommonTables/CommonTables.c
      Source file:   Source/ComplexMathFunctions/ComplexMathFunctionsF16.c
      Source file:   Source/DistanceFunctions/DistanceFunctions.c
      Source file:   Source/FilteringFunctions/FilteringFunctionsF16.c
      Source file:   Source/CommonTables/CommonTablesF16.c
      Include file:  Include/arm_const_structs.h
      Source file:   Source/TransformFunctions/TransformFunctionsF16.c
      Source file:   Source/BayesFunctions/BayesFunctions.c
      Include file:  Include/arm_common_tables.h
      Source file:   Source/FilteringFunctions/FilteringFunctions.c
      Include file:  Include/arm_common_tables_f16.h
      Source file:   Source/InterpolationFunctions/InterpolationFunctionsF16.c
      Source file:   Source/MatrixFunctions/MatrixFunctionsF16.c
      Source file:   Source/FastMathFunctions/FastMathFunctionsF16.c
      Source file:   Source/BayesFunctions/BayesFunctionsF16.c
      Source file:   Source/SVMFunctions/SVMFunctionsF16.c
      Source file:   Source/SupportFunctions/SupportFunctionsF16.c
      Source file:   Source/DistanceFunctions/DistanceFunctionsF16.c
      Source file:   Source/StatisticsFunctions/StatisticsFunctionsF16.c
Build Time Elapsed:  00:00:06
</pre>
</body>
</html>
